[facility.monster/index.html]
[backblue.gif]
[fade.gif]
[index.html]
[facility.monster/assets/images/favicon.ico]
[facility.monster/assets/images/overview-screenshot.webp]
[facility.monster/_next/static/css/4b12b55f611463b2.css]
[facility.monster/_next/static/css/55655dbde227f18a.css]
[facility.monster/_next/static/chunks/polyfills-c67a75d1b6f99dc8.js]
[facility.monster/_next/static/chunks/webpack-ee7e63bc15b31913.js]
[facility.monster/_next/static/chunks/framework-2c79e2a64abdb08b.js]
[facility.monster/_next/static/chunks/main-584ffd8361952856.js]
[facility.monster/_next/static/chunks/pages/_app-891652dd44e1e4e1.js]
[facility.monster/_next/static/chunks/341-46a786c1818695c0.js]
[facility.monster/_next/static/chunks/pages/index-83265e8810c14434.js]
[facility.monster/_next/static/fk2T3RXot2HHqBuIXZWrq/_buildManifest.js]
[facility.monster/_next/static/fk2T3RXot2HHqBuIXZWrq/_ssgManifest.js]
[analytics.bh.studio/script.js]
[facility.monster/cdn-cgi/l/email-protection.html]
[facility.monster/assets/images/Facility-monster-logo-black.svg]
[facility.monster/assets/images/Facility-monster-logo-white-small.svg]
[facility.monster/assets/images/Facility-monster-secondary-logo-alt1.svg]
[facility.monster/terms-conditions]
[facility.monster/privacy-policy.html]
[facility.monster/assets/images/features_screenshot_services.webp]
[facility.monster/assets/images/features_screenshot_invoicing.webp]
[facility.monster/assets/images/features_screenshot_customers.webp]
[facility.monster/assets/images/recommended_price.svg]
[facility.monster/index.html]
[facility.monster/cdn-cgi/scripts/5c5dd728/cloudflare-static/email-decode.min.js]
[facility.monster/assets/fonts/FatFrank-Regular.eot]
[facility.monster/assets/fonts/FatFrank-Regulard41d.eot]
[facility.monster/assets/fonts/FatFrank-Regular.woff2]
[facility.monster/assets/fonts/FatFrank-Regular.woff]
[facility.monster/assets/fonts/FatFrank-Regular.ttf]
[facility.monster/_next/static/css/4b12b55f611463b2.css]
[facility.monster/assets/images/paw.svg]
[facility.monster/assets/images/arrow-right.svg]
[facility.monster/assets/images/free_check.svg]
[facility.monster/assets/images/recommended_check_small.svg]
[facility.monster/assets/images/recommended_check.svg]
[facility.monster/assets/images/enterprise_check.svg]
[facility.monster/_next/static/css/55655dbde227f18a.css]
[facility.monster/cdn-cgi/l/email-protection.html]
[facility.monster/assets/images/Facility-monster-logo-black.svg]
[facility.monster/assets/images/Facility-monster-logo-white-small.svg]
[facility.monster/assets/images/Facility-monster-secondary-logo-alt1.svg]
[facility.monster/terms-conditions.html]
[facility.monster/privacy-policy.html]
[facility.monster/assets/images/recommended_price.svg]
[facility.monster/assets/images/paw.svg]
[facility.monster/assets/images/arrow-right.svg]
[facility.monster/assets/images/free_check.svg]
[facility.monster/assets/images/recommended_check_small.svg]
[facility.monster/assets/images/recommended_check.svg]
[facility.monster/assets/images/enterprise_check.svg]
[facility.monster/assets/images/white_check.svg]
[facility.monster/assets/images/white_check.svg]
